C:/Users/supar/Downloads/CMSIS/Core/Include/core_cm4.h:1794:22:__NVIC_EnableIRQ	2
C:/Users/supar/Downloads/CMSIS/Core/Include/core_cm4.h:1924:22:__NVIC_SetPriority	2
C:/Users/supar/Downloads/CMSIS/Core/Include/core_cm4.h:2130:26:SysTick_Config	2
../Src/main.c:89:5:main	18
../Src/main.c:197:17:ADC_Read_Channel	2
../Src/main.c:204:13:Parse_Config	2
../Src/main.c:212:13:Process_Evaluate	6
../Src/main.c:257:13:Reset_Metrics	1
../Src/main.c:265:13:Clear_Size_LEDs	1
../Src/main.c:270:13:Flash_All_LEDs	2
../Src/main.c:280:13:UART2_TxString	3
../Src/main.c:290:6:System_Init	1
../Src/main.c:358:6:SysTick_Handler	3
../Src/main.c:366:6:USART2_IRQHandler	6
../Src/main.c:385:6:EXTI3_IRQHandler	7
../Src/main.c:407:6:EXTI4_IRQHandler	4
../Src/main.c:431:6:EXTI9_5_IRQHandler	5
../Src/main.c:451:6:EXTI15_10_IRQHandler	3
