C:/Users/supar/Downloads/CMSIS/Core/Include/core_cm4.h:1794:22:__NVIC_EnableIRQ	2
C:/Users/supar/Downloads/CMSIS/Core/Include/core_cm4.h:1924:22:__NVIC_SetPriority	2
C:/Users/supar/Downloads/CMSIS/Core/Include/core_cm4.h:2130:26:SysTick_Config	2
../Src/main.c:156:5:main	46
../Src/main.c:355:13:Process_Evaluate	7
../Src/main.c:391:13:Servo_SimAccept	1
../Src/main.c:397:13:Servo_SimReject	1
../Src/main.c:403:13:Servo_SimNormal	1
../Src/main.c:411:16:Targets_Complete	4
../Src/main.c:418:13:Enter_Fault	3
../Src/main.c:440:13:Pause_System	1
../Src/main.c:448:13:Resume_System	6
../Src/main.c:470:13:Reset_To_Idle	1
../Src/main.c:481:13:Reset_Metrics	1
../Src/main.c:502:13:Clear_All_LEDs	1
../Src/main.c:511:13:Set_Size_LED	3
../Src/main.c:526:13:Parse_Config	2
../Src/main.c:540:13:UART2_TxString	3
../Src/main.c:559:6:System_Init	2
../Src/main.c:694:6:SysTick_Handler	9
../Src/main.c:711:6:USART2_IRQHandler	9
../Src/main.c:741:6:EXTI3_IRQHandler	3
../Src/main.c:755:6:EXTI4_IRQHandler	4
../Src/main.c:773:6:EXTI9_5_IRQHandler	11
../Src/main.c:797:6:EXTI15_10_IRQHandler	5
