C:/Users/supar/Downloads/CMSIS/Core/Include/core_cm4.h:1794:22:__NVIC_EnableIRQ	16	static,ignoring_inline_asm
C:/Users/supar/Downloads/CMSIS/Core/Include/core_cm4.h:1924:22:__NVIC_SetPriority	16	static
C:/Users/supar/Downloads/CMSIS/Core/Include/core_cm4.h:2130:26:SysTick_Config	16	static
../Src/main.c:156:5:main	88	static
../Src/main.c:355:13:Process_Evaluate	16	static
../Src/main.c:391:13:Servo_SimAccept	4	static
../Src/main.c:397:13:Servo_SimReject	4	static
../Src/main.c:403:13:Servo_SimNormal	4	static
../Src/main.c:411:16:Targets_Complete	4	static
../Src/main.c:418:13:Enter_Fault	16	static
../Src/main.c:440:13:Pause_System	8	static
../Src/main.c:448:13:Resume_System	16	static
../Src/main.c:470:13:Reset_To_Idle	8	static
../Src/main.c:481:13:Reset_Metrics	4	static
../Src/main.c:502:13:Clear_All_LEDs	4	static
../Src/main.c:511:13:Set_Size_LED	16	static
../Src/main.c:526:13:Parse_Config	32	static
../Src/main.c:540:13:UART2_TxString	24	static
../Src/main.c:559:6:System_Init	8	static
../Src/main.c:694:6:SysTick_Handler	4	static
../Src/main.c:711:6:USART2_IRQHandler	16	static
../Src/main.c:741:6:EXTI3_IRQHandler	8	static
../Src/main.c:755:6:EXTI4_IRQHandler	8	static
../Src/main.c:773:6:EXTI9_5_IRQHandler	8	static
../Src/main.c:797:6:EXTI15_10_IRQHandler	8	static
